// Jest Snapshot v1, https://goo.gl/fbAQLP

exports[`render (serialisation) renders correctly document 1`] = `"<html><head><script>function __ssr(){const e=document.currentScript,t=e.parentNode,o=t.parentNode,r=(e,t)=>{for(;e&&e.firstChild;)t.appendChild(e.firstChild)};t.removeChild(e),o.removeChild(t);const n=o.attachShadow({mode:\\"open\\"});r(t,n);const c=n.querySelectorAll(\\"slot\\");(()=>{let e,t=[];for(let o=0,r=c.length;o<r;o++){const r=c[o];e&&e.contains(r)||(t.push(r),e=r)}return t})().forEach(e=>r(e,o))}</script></head><body><x-hello><shadow-root><span>Hello, <x-yell><shadow-root><strong><slot><slot>World</slot></slot></strong><script>__ssr()</script></shadow-root></x-yell>!</span><script>__ssr()</script></shadow-root></x-hello></body></html>"`;

exports[`render (serialisation) renders correctly node 1`] = `"<script>function __ssr(){const e=document.currentScript,t=e.parentNode,o=t.parentNode,r=(e,t)=>{for(;e&&e.firstChild;)t.appendChild(e.firstChild)};t.removeChild(e),o.removeChild(t);const n=o.attachShadow({mode:\\"open\\"});r(t,n);const c=n.querySelectorAll(\\"slot\\");(()=>{let e,t=[];for(let o=0,r=c.length;o<r;o++){const r=c[o];e&&e.contains(r)||(t.push(r),e=r)}return t})().forEach(e=>r(e,o))}</script><x-hello><shadow-root><span>Hello, <x-yell><shadow-root><strong><slot><slot>World</slot></slot></strong><script>__ssr()</script></shadow-root></x-yell>!</span><script>__ssr()</script></shadow-root></x-hello>"`;
