// Jest Snapshot v1, https://goo.gl/fbAQLP

exports[`render (serialisation) renders correctly 1`] = `"<x-hello><shadow-root><span>Hello, <x-yell><shadow-root><strong><slot></slot></strong></shadow-root><slot></slot></x-yell><script>var a=document.currentScript.previousElementSibling,b=a.firstElementChild;a.removeChild(b);for(var c=a.attachShadow({mode:\\"open\\"});b.hasChildNodes();)c.appendChild(b.firstChild);</script>!</span></shadow-root>World</x-hello><script>var a=document.currentScript.previousElementSibling,b=a.firstElementChild;a.removeChild(b);for(var c=a.attachShadow({mode:\\"open\\"});b.hasChildNodes();)c.appendChild(b.firstChild);</script>"`;
